........................................................................ [  1%]
........................................................................ [  3%]
........................................................................ [  5%]
........................................................................ [  6%]
........................................................................ [  8%]
........................................................................ [ 10%]
........................................................................ [ 11%]
........................................................................ [ 13%]
........................................................................ [ 15%]
........................................................................ [ 17%]
........................................................................ [ 18%]
........................................................................ [ 20%]
........................................................................ [ 22%]
........................................................................ [ 23%]
........................................................................ [ 25%]
........................................................................ [ 27%]
........................................................................ [ 28%]
........................................................................ [ 30%]
........................................................................ [ 32%]
........................................................................ [ 34%]
........................................................................ [ 35%]
........................................................................ [ 37%]
........................................................................ [ 39%]
........................................................................ [ 40%]
........................................................................ [ 42%]
........................................................................ [ 44%]
........................................................................ [ 46%]
........................................................................ [ 47%]
............................................................s........... [ 49%]
....s................................................................... [ 51%]
........................................................................ [ 52%]
........................................................................ [ 54%]
........................................................................ [ 56%]
........................................................................ [ 57%]
........................................................................ [ 59%]
........................................................................ [ 61%]
........................................................................ [ 63%]
........................................................................ [ 64%]
........................................................................ [ 66%]
........................................................................ [ 68%]
........................................................................ [ 69%]
.................................................................s...... [ 71%]
........................................................................ [ 73%]
........................................................................ [ 74%]
........................................................................ [ 76%]
........................................................................ [ 78%]
........................................................................ [ 80%]
........................................................................ [ 81%]
........................................................................ [ 83%]
........................................................................ [ 85%]
........................................................................ [ 86%]
........................................................................ [ 88%]
........................................................................ [ 90%]
........................................................................ [ 92%]
........................................................................ [ 93%]
........................................................................ [ 95%]
........................................................................ [ 97%]
........................................................................ [ 98%]
..................................................                       [100%]
=============================== warnings summary ===============================
tests/unit/test_cr084_revenuecat_webhook.py::test_unknown_credit_pack_is_422
  /Volumes/Extreme Pro/AMI_MarketApp/backend/app/api/webhooks.py:346: DeprecationWarning: 'HTTP_422_UNPROCESSABLE_ENTITY' is deprecated. Use 'HTTP_422_UNPROCESSABLE_CONTENT' instead.
    credits = _pack_credits(product_id)

tests/unit/test_cr084_revenuecat_webhook.py::test_unknown_entitlement_is_422
  /Volumes/Extreme Pro/AMI_MarketApp/backend/app/api/webhooks.py:327: DeprecationWarning: 'HTTP_422_UNPROCESSABLE_ENTITY' is deprecated. Use 'HTTP_422_UNPROCESSABLE_CONTENT' instead.
    target_plan = _entitlement_plan(event)

tests/unit/test_cr128_ticker_existence_validation.py::test_watchlist_add_rejects_nonexistent_ticker
tests/unit/test_cr128_ticker_existence_validation.py::test_room_stream_rejects_nonexistent_ticker_before_any_spend
tests/unit/test_def062_mandate_patch_validation.py::test_patch_endpoint_returns_422_for_out_of_range_max_drawdown_pct
tests/unit/test_def151_chart_period_contract.py::test_a_genuinely_unknown_period_is_still_refused
tests/unit/test_def151_chart_period_contract.py::test_a_genuinely_unknown_period_is_still_refused
tests/unit/test_def151_chart_period_contract.py::test_a_genuinely_unknown_period_is_still_refused
tests/unit/test_def151_chart_period_contract.py::test_a_genuinely_unknown_period_is_still_refused
tests/unit/test_price_alert_routes.py::test_create_rejects_unknown_ticker
tests/unit/test_sim_history.py::test_history_invalid_period_returns_422
  /Volumes/Extreme Pro/AMI_MarketApp/backend/.venv/lib/python3.13/site-packages/fastapi/routing.py:328: DeprecationWarning: 'HTTP_422_UNPROCESSABLE_ENTITY' is deprecated. Use 'HTTP_422_UNPROCESSABLE_CONTENT' instead.
    return await dependant.call(**values)

tests/unit/test_cr128_ticker_existence_validation.py::test_preview_trade_rejects_nonexistent_ticker
  /Volumes/Extreme Pro/AMI_MarketApp/backend/app/api/sim.py:506: DeprecationWarning: 'HTTP_422_UNPROCESSABLE_ENTITY' is deprecated. Use 'HTTP_422_UNPROCESSABLE_CONTENT' instead.
    _require_ticker_or_422(req.ticker)

tests/unit/test_cr128_ticker_existence_validation.py::test_submit_trade_rejects_nonexistent_ticker
  /Volumes/Extreme Pro/AMI_MarketApp/backend/app/api/sim.py:557: DeprecationWarning: 'HTTP_422_UNPROCESSABLE_ENTITY' is deprecated. Use 'HTTP_422_UNPROCESSABLE_CONTENT' instead.
    _require_ticker_or_422(req.ticker)

-- Docs: https://docs.pytest.org/en/stable/how-to/capture-warnings.html
4223 passed, 3 skipped, 13 warnings in 500.51s (0:08:20)
